  姝ｅ湪纭畾瑕佽繕鍘熺殑椤圭洰鈥?
  鎵€鏈夐」鐩潎鏄渶鏂扮殑锛屾棤娉曡繕鍘熴€?
  ErpSystem.ServiceDefaults -> D:\Work\docs\src\ErpSystem.ServiceDefaults\bin\Debug\net10.0\ErpSystem.ServiceDefaults.dll
  ErpSystem.BuildingBlocks -> D:\Work\docs\src\BuildingBlocks\ErpSystem.BuildingBlocks\bin\Debug\net10.0\ErpSystem.BuildingBlocks.dll
D:\Work\docs\src\Services\Identity\ErpSystem.Identity\Application\DataPermissionQueries.cs(16,19): warning CS8618: 鍦ㄩ€€鍑烘瀯閫犲嚱鏁版椂锛屼笉鍙负 null 鐨?灞炴€?"DataDomain" 蹇呴』鍖呭惈闈?null 鍊笺€傝鑰冭檻娣诲姞 "required" 淇グ绗︽垨灏嗚 灞炴€?澹版槑涓哄彲涓?null銆?[D:\Work\docs\src\Services\Identity\ErpSystem.Identity\ErpSystem.Identity.csproj]
D:\Work\docs\src\Services\Identity\ErpSystem.Identity\API\UsersController.cs(47,34): error CS0246: 鏈兘鎵惧埌绫诲瀷鎴栧懡鍚嶇┖闂村悕鈥淯serEnhancementCommands鈥?鏄惁缂哄皯 using 鎸囦护鎴栫▼搴忛泦寮曠敤?) [D:\Work\docs\src\Services\Identity\ErpSystem.Identity\ErpSystem.Identity.csproj]
D:\Work\docs\src\Services\Identity\ErpSystem.Identity\API\UsersController.cs(54,34): error CS0246: 鏈兘鎵惧埌绫诲瀷鎴栧懡鍚嶇┖闂村悕鈥淯serEnhancementCommands鈥?鏄惁缂哄皯 using 鎸囦护鎴栫▼搴忛泦寮曠敤?) [D:\Work\docs\src\Services\Identity\ErpSystem.Identity\ErpSystem.Identity.csproj]
D:\Work\docs\src\Services\Identity\ErpSystem.Identity\API\UsersController.cs(61,34): error CS0246: 鏈兘鎵惧埌绫诲瀷鎴栧懡鍚嶇┖闂村悕鈥淯serEnhancementCommands鈥?鏄惁缂哄皯 using 鎸囦护鎴栫▼搴忛泦寮曠敤?) [D:\Work\docs\src\Services\Identity\ErpSystem.Identity\ErpSystem.Identity.csproj]
D:\Work\docs\src\Services\Identity\ErpSystem.Identity\Application\FullIdentityCommands.cs(91,15): error CS1061: 鈥淯ser鈥濇湭鍖呭惈鈥淟ogin鈥濈殑瀹氫箟锛屽苟涓旀壘涓嶅埌鍙帴鍙楃涓€涓€淯ser鈥濈被鍨嬪弬鏁扮殑鍙闂墿灞曟柟娉曗€淟ogin鈥?鏄惁缂哄皯 using 鎸囦护鎴栫▼搴忛泦寮曠敤?) [D:\Work\docs\src\Services\Identity\ErpSystem.Identity\ErpSystem.Identity.csproj]
D:\Work\docs\src\Services\Identity\ErpSystem.Identity\Application\FullIdentityCommands.cs(92,35): warning CS8604: 鈥淭ask EventStoreRepository<User>.SaveAsync(User aggregate)鈥濅腑鐨勫舰鍙傗€渁ggregate鈥濆彲鑳戒紶鍏?null 寮曠敤瀹炲弬銆?[D:\Work\docs\src\Services\Identity\ErpSystem.Identity\ErpSystem.Identity.csproj]

鐢熸垚澶辫触銆?

D:\Work\docs\src\Services\Identity\ErpSystem.Identity\Application\DataPermissionQueries.cs(16,19): warning CS8618: 鍦ㄩ€€鍑烘瀯閫犲嚱鏁版椂锛屼笉鍙负 null 鐨?灞炴€?"DataDomain" 蹇呴』鍖呭惈闈?null 鍊笺€傝鑰冭檻娣诲姞 "required" 淇グ绗︽垨灏嗚 灞炴€?澹版槑涓哄彲涓?null銆?[D:\Work\docs\src\Services\Identity\ErpSystem.Identity\ErpSystem.Identity.csproj]
D:\Work\docs\src\Services\Identity\ErpSystem.Identity\Application\FullIdentityCommands.cs(92,35): warning CS8604: 鈥淭ask EventStoreRepository<User>.SaveAsync(User aggregate)鈥濅腑鐨勫舰鍙傗€渁ggregate鈥濆彲鑳戒紶鍏?null 寮曠敤瀹炲弬銆?[D:\Work\docs\src\Services\Identity\ErpSystem.Identity\ErpSystem.Identity.csproj]
D:\Work\docs\src\Services\Identity\ErpSystem.Identity\API\UsersController.cs(47,34): error CS0246: 鏈兘鎵惧埌绫诲瀷鎴栧懡鍚嶇┖闂村悕鈥淯serEnhancementCommands鈥?鏄惁缂哄皯 using 鎸囦护鎴栫▼搴忛泦寮曠敤?) [D:\Work\docs\src\Services\Identity\ErpSystem.Identity\ErpSystem.Identity.csproj]
D:\Work\docs\src\Services\Identity\ErpSystem.Identity\API\UsersController.cs(54,34): error CS0246: 鏈兘鎵惧埌绫诲瀷鎴栧懡鍚嶇┖闂村悕鈥淯serEnhancementCommands鈥?鏄惁缂哄皯 using 鎸囦护鎴栫▼搴忛泦寮曠敤?) [D:\Work\docs\src\Services\Identity\ErpSystem.Identity\ErpSystem.Identity.csproj]
D:\Work\docs\src\Services\Identity\ErpSystem.Identity\API\UsersController.cs(61,34): error CS0246: 鏈兘鎵惧埌绫诲瀷鎴栧懡鍚嶇┖闂村悕鈥淯serEnhancementCommands鈥?鏄惁缂哄皯 using 鎸囦护鎴栫▼搴忛泦寮曠敤?) [D:\Work\docs\src\Services\Identity\ErpSystem.Identity\ErpSystem.Identity.csproj]
D:\Work\docs\src\Services\Identity\ErpSystem.Identity\Application\FullIdentityCommands.cs(91,15): error CS1061: 鈥淯ser鈥濇湭鍖呭惈鈥淟ogin鈥濈殑瀹氫箟锛屽苟涓旀壘涓嶅埌鍙帴鍙楃涓€涓€淯ser鈥濈被鍨嬪弬鏁扮殑鍙闂墿灞曟柟娉曗€淟ogin鈥?鏄惁缂哄皯 using 鎸囦护鎴栫▼搴忛泦寮曠敤?) [D:\Work\docs\src\Services\Identity\ErpSystem.Identity\ErpSystem.Identity.csproj]
    2 涓鍛?
    4 涓敊璇?

宸茬敤鏃堕棿 00:00:01.71
